Loading MS MARCO dataset (scale=100k)...
Loaded 100000 passages, 6980 queries (qrel-filtered), 6980 qrels

[SQLite FTS5] initialising...
[SQLite FTS5] indexing 100000 documents...
[SQLite FTS5] indexed in 5.7s, heap delta 18446744073710 MB
[SQLite FTS5] running 6980 queries...
[SQLite FTS5] query "1048585" failed: fts5: syntax error near "'"
[SQLite FTS5] query "786937" failed: fts5: syntax error near "improvement"
[SQLite FTS5] query "1049221" failed: fts5: syntax error near "?"
[SQLite FTS5] query "262974" failed: fts5: syntax error near "?"
[SQLite FTS5] query "1288" failed: fts5: syntax error near "/"
[SQLite FTS5] query "788702" failed: fts5: syntax error near "?"
[SQLite FTS5] query "1050857" failed: fts5: syntax error near "'"
[SQLite FTS5] query "1050923" failed: fts5: syntax error near "?"
[SQLite FTS5] query "1051214" failed: fts5: syntax error near "."
[SQLite FTS5] query "1051307" failed: fts5: syntax error near "?"
[SQLite FTS5] query "1051475" failed: fts5: syntax error near "?"
[SQLite FTS5] query "789332" failed: fts5: syntax error near "?"
[SQLite FTS5] query "2962" failed: fts5: syntax error near "."
[SQLite FTS5] query "961705" failed: fts5: syntax error near "?"
[SQLite FTS5] query "790059" failed: fts5: syntax error near "?"
[SQLite FTS5] query "1052421" failed: fts5: syntax error near "?"
[SQLite FTS5] query "838116" failed: fts5: syntax error near "?"
[SQLite FTS5] query "1052948" failed: fts5: syntax error near ","
[SQLite FTS5] query "266760" failed: fts5: syntax error near "?"
[SQLite FTS5] query "1053253" failed: fts5: syntax error near "?"
[SQLite FTS5] query "4696" failed: fts5: syntax error near "."
[SQLite FTS5] query "830973" failed: fts5: syntax error near "."
[SQLite FTS5] query "1053896" failed: no such column: v
[SQLite FTS5] query "1053992" failed: fts5: syntax error near "."
[SQLite FTS5] query "791916" failed: fts5: syntax error near "?"
[SQLite FTS5] query "5925" failed: no such column: LX300USB
[SQLite FTS5] query "792595" failed: fts5: syntax error near "?"
[SQLite FTS5] query "1055197" failed: fts5: syntax error near "?"
[SQLite FTS5] query "1056482" failed: fts5: syntax error near "?"
[SQLite FTS5] query "1100134" failed: fts5: syntax error near "?"
[SQLite FTS5] query "1056850" failed: fts5: syntax error near "?"
[SQLite FTS5] query "1056950" failed: fts5: syntax error near "&"
[SQLite FTS5] query "1057139" failed: fts5: syntax error near "?"
[SQLite FTS5] query "1057251" failed: fts5: syntax error near "'"
[SQLite FTS5] query "1057270" failed: fts5: syntax error near "'"
[SQLite FTS5] query "1057367" failed: fts5: syntax error near "?"
[SQLite FTS5] query "8854" failed: fts5: syntax error near "."
[SQLite FTS5] query "9083" failed: fts5: syntax error near "."
[SQLite FTS5] query "9454" failed: fts5: syntax error near "."
[SQLite FTS5] query "1058142" failed: fts5: syntax error near "?"
[SQLite FTS5] query "831784" failed: fts5: syntax error near "?"
[SQLite FTS5] query "569674" failed: fts5: syntax error near "?"
[SQLite FTS5] query "220151" failed: fts5: syntax error near "?"
[SQLite FTS5] query "10276" failed: fts5: syntax error near ","
[SQLite FTS5] query "1059504" failed: fts5: syntax error near "'"
[SQLite FTS5] query "1059619" failed: fts5: syntax error near "'"
[SQLite FTS5] query "11050" failed: fts5: syntax error near "&"
[SQLite FTS5] query "1059646" failed: fts5: syntax error near "'"
[SQLite FTS5] query "176677" failed: fts5: syntax error near ","
[SQLite FTS5] query "1094249" failed: fts5: syntax error near ":"
[SQLite FTS5] query "262280" failed: fts5: syntax error near "?"
[SQLite FTS5] query "1060881" failed: fts5: syntax error near "?"
[SQLite FTS5] query "613727" failed: fts5: syntax error near "?"
[SQLite FTS5] query "798883" failed: fts5: syntax error near "?"
[SQLite FTS5] query "536791" failed: fts5: syntax error near "?"
[SQLite FTS5] query "1061237" failed: fts5: syntax error near "'"
[SQLite FTS5] query "1061472" failed: fts5: syntax error near "?"
[SQLite FTS5] query "275137" failed: fts5: syntax error near "?"
[SQLite FTS5] query "1062233" failed: fts5: syntax error near "'"
[SQLite FTS5] query "276338" failed: fts5: syntax error near "?"
[SQLite FTS5] query "1062784" failed: fts5: syntax error near "?"
[SQLite FTS5] query "471850" failed: fts5: syntax error near "'"
[SQLite FTS5] query "1063371" failed: fts5: syntax error near "?"
[SQLite FTS5] query "1007473" failed: fts5: syntax error near "."
[SQLite FTS5] query "1064473" failed: fts5: syntax error near "?"
[SQLite FTS5] query "540306" failed: fts5: syntax error near ","
[SQLite FTS5] query "1064852" failed: no such column: term
[SQLite FTS5] query "278863" failed: fts5: syntax error near "."
[SQLite FTS5] query "279229" failed: fts5: syntax error near "?"
[SQLite FTS5] query "1065971" failed: fts5: syntax error near "?"
[SQLite FTS5] query "17635" failed: fts5: syntax error near ","
[SQLite FTS5] query "1066792" failed: fts5: syntax error near "'"
[SQLite FTS5] query "1066958" failed: fts5: syntax error near "?"
[SQLite FTS5] query "18759" failed: fts5: syntax error near "."
[SQLite FTS5] query "1067659" failed: fts5: syntax error near "'"
[SQLite FTS5] query "281270" failed: fts5: syntax error near "?"
[SQLite FTS5] query "1067764" failed: fts5: syntax error near "?"
[SQLite FTS5] query "19552" failed: no such column: anxiety
[SQLite FTS5] query "543951" failed: fts5: syntax error near ","
[SQLite FTS5] query "544319" failed: fts5: syntax error near ","
[SQLite FTS5] query "1068726" failed: fts5: syntax error near "?"
[SQLite FTS5] query "1069405" failed: fts5: syntax error near "?"
[SQLite FTS5] query "545575" failed: fts5: syntax error near ","
[SQLite FTS5] query "545847" failed: fts5: syntax error near ","
[SQLite FTS5] query "1095899" failed: fts5: syntax error near "'"
[SQLite FTS5] query "284313" failed: fts5: syntax error near "?"
[SQLite FTS5] query "284565" failed: fts5: syntax error near "?"
[SQLite FTS5] query "1071198" failed: fts5: syntax error near "?"
[SQLite FTS5] query "1071545" failed: fts5: syntax error near "?"
[SQLite FTS5] query "285375" failed: fts5: syntax error near "?"
[SQLite FTS5] query "809798" failed: fts5: syntax error near "'"
[SQLite FTS5] query "810324" failed: fts5: syntax error near "?"
[SQLite FTS5] query "1072479" failed: fts5: syntax error near "|"
[SQLite FTS5] query "1072988" failed: fts5: syntax error near "?"
[SQLite FTS5] query "1073972" failed: fts5: syntax error near "?"
[SQLite FTS5] query "549738" failed: fts5: syntax error near "?"
[SQLite FTS5] query "1074804" failed: fts5: syntax error near "?"
[SQLite FTS5] query "1096644" failed: fts5: syntax error near "?"
[SQLite FTS5] query "550565" failed: fts5: syntax error near "?"
[SQLite FTS5] query "1075588" failed: fts5: syntax error near "?"
[SQLite FTS5] query "1075713" failed: fts5: syntax error near "?"
[SQLite FTS5] query "27618" failed: fts5: syntax error near "?"
[SQLite FTS5] query "48417" failed: no such column: and
[SQLite FTS5] query "1077002" failed: fts5: syntax error near ""
[SQLite FTS5] query "1077006" failed: fts5: syntax error near "?"
[SQLite FTS5] query "290585" failed: fts5: syntax error near "?"
[SQLite FTS5] query "290779" failed: fts5: syntax error near "?"
[SQLite FTS5] query "290830" failed: fts5: syntax error near "?"
[SQLite FTS5] query "29169" failed: fts5: syntax error near "$"
[SQLite FTS5] query "922398" failed: fts5: syntax error near "?"
[SQLite FTS5] query "816289" failed: fts5: syntax error near "?"
[SQLite FTS5] query "292094" failed: fts5: syntax error near "?"
[SQLite FTS5] query "1097259" failed: fts5: syntax error near "?"
[SQLite FTS5] query "554511" failed: fts5: syntax error near "?"
[SQLite FTS5] query "1079050" failed: fts5: syntax error near "?"
[SQLite FTS5] query "293421" failed: fts5: syntax error near "'"
[SQLite FTS5] query "1079888" failed: fts5: syntax error near "'"
[SQLite FTS5] query "1079959" failed: fts5: syntax error near "'"
[SQLite FTS5] query "1080010" failed: fts5: syntax error near "?"
[SQLite FTS5] query "555750" failed: fts5: syntax error near "?"
[SQLite FTS5] query "952520" failed: fts5: syntax error near "?"
[SQLite FTS5] query "556248" failed: fts5: syntax error near "?"
[SQLite FTS5] query "1097619" failed: fts5: syntax error near "?"
[SQLite FTS5] query "818612" failed: fts5: syntax error near "?"
[SQLite FTS5] query "1080948" failed: fts5: syntax error near "?"
[SQLite FTS5] query "556952" failed: fts5: syntax error near "?"
[SQLite FTS5] query "556976" failed: fts5: syntax error near "?"
[SQLite FTS5] query "1082091" failed: fts5: syntax error near "?"
[SQLite FTS5] query "558263" failed: fts5: syntax error near "?"
[SQLite FTS5] query "1082603" failed: fts5: syntax error near "?"
[SQLite FTS5] query "1082750" failed: fts5: syntax error near "?"
[SQLite FTS5] query "1082759" failed: fts5: syntax error near "?"
[SQLite FTS5] query "1082792" failed: fts5: syntax error near "?"
[SQLite FTS5] query "1082872" failed: fts5: syntax error near "/"
[SQLite FTS5] query "1082893" failed: fts5: syntax error near "&"
[SQLite FTS5] query "1083296" failed: fts5: syntax error near "?"
[SQLite FTS5] query "559018" failed: fts5: syntax error near "?"
[SQLite FTS5] query "1083340" failed: fts5: syntax error near "?"
[SQLite FTS5] query "1083342" failed: fts5: syntax error near ","
[SQLite FTS5] query "1083500" failed: fts5: syntax error near ","
[SQLite FTS5] query "1083598" failed: fts5: syntax error near "?"
[SQLite FTS5] query "1083611" failed: fts5: syntax error near "?"
[SQLite FTS5] query "1083690" failed: fts5: syntax error near "?"
[SQLite FTS5] query "1083797" failed: fts5: syntax error near "?"
[SQLite FTS5] query "1083831" failed: fts5: syntax error near "?"
[SQLite FTS5] query "1084038" failed: fts5: syntax error near "?"
[SQLite FTS5] query "1084273" failed: fts5: syntax error near "?"
[SQLite FTS5] query "1084475" failed: fts5: syntax error near "?"
[SQLite FTS5] query "822585" failed: fts5: syntax error near "?"
[SQLite FTS5] query "298444" failed: fts5: syntax error near "?"
[SQLite FTS5] query "1084971" failed: fts5: syntax error near "?"
[SQLite FTS5] query "1085303" failed: fts5: syntax error near ","
[SQLite FTS5] query "1085341" failed: fts5: syntax error near ","
[SQLite FTS5] query "1085348" failed: fts5: syntax error near "?"
[SQLite FTS5] query "1085356" failed: fts5: syntax error near ","
[SQLite FTS5] query "1085393" failed: fts5: syntax error near ","
[SQLite FTS5] query "1085434" failed: fts5: syntax error near ","
[SQLite FTS5] query "1085454" failed: fts5: syntax error near ","
[SQLite FTS5] query "299023" failed: fts5: syntax error near "."
[SQLite FTS5] query "1085521" failed: fts5: syntax error near ","
[SQLite FTS5] query "1085545" failed: fts5: syntax error near "?"
[SQLite FTS5] query "1085550" failed: fts5: syntax error near "."
[SQLite FTS5] query "1085613" failed: fts5: syntax error near "?"
[SQLite FTS5] query "1085658" failed: fts5: syntax error near ","
[SQLite FTS5] query "1085674" failed: fts5: syntax error near ","
[SQLite FTS5] query "1085741" failed: fts5: syntax error near "?"
[SQLite FTS5] query "1085777" failed: fts5: syntax error near "?"
[SQLite FTS5] query "1085796" failed: fts5: syntax error near "?"
[SQLite FTS5] query "1085924" failed: fts5: syntax error near "?"
[SQLite FTS5] query "1085967" failed: fts5: syntax error near "."
[SQLite FTS5] query "1086008" failed: fts5: syntax error near "'"
[SQLite FTS5] query "1086241" failed: fts5: syntax error near "?"
[SQLite FTS5] query "1086384" failed: fts5: syntax error near "?"
[SQLite FTS5] query "1086491" failed: fts5: syntax error near "?"
[SQLite FTS5] query "1086637" failed: fts5: syntax error near "."
[SQLite FTS5] query "1086701" failed: no such column: legged
[SQLite FTS5] query "1086708" failed: fts5: syntax error near "?"
[SQLite FTS5] query "1011248" failed: fts5: syntax error near "?"
[SQLite FTS5] query "1086834" failed: fts5: syntax error near "?"
[SQLite FTS5] query "1086886" failed: fts5: syntax error near "?"
[SQLite FTS5] query "1086893" failed: fts5: syntax error near "?"
[SQLite FTS5] query "1086915" failed: fts5: syntax error near "?"
[SQLite FTS5] query "1086974" failed: no such column: oriented
[SQLite FTS5] query "1087046" failed: fts5: syntax error near "?"
[SQLite FTS5] query "1087050" failed: fts5: syntax error near "?"
[SQLite FTS5] query "1087061" failed: fts5: syntax error near "?"
[SQLite FTS5] query "300674" failed: fts5: syntax error near "?"
[SQLite FTS5] query "1087129" failed: fts5: syntax error near "?"
[SQLite FTS5] query "1087171" failed: fts5: syntax error near "?"
[SQLite FTS5] query "1087435" failed: fts5: syntax error near "?"
[SQLite FTS5] query "1087544" failed: fts5: syntax error near "?"
[SQLite FTS5] query "1087722" failed: fts5: syntax error near "?"
[SQLite FTS5] query "1087727" failed: fts5: syntax error near "?"
[SQLite FTS5] query "1087736" failed: fts5: syntax error near "?"
[SQLite FTS5] query "1088138" failed: fts5: syntax error near ","
[SQLite FTS5] query "1088221" failed: fts5: syntax error near ","
[SQLite FTS5] query "1088309" failed: fts5: syntax error near ","
[SQLite FTS5] query "1088475" failed: fts5: syntax error near ","
[SQLite FTS5] query "1088515" failed: fts5: syntax error near ","
[SQLite FTS5] query "1088541" failed: fts5: syntax error near ","
[SQLite FTS5] query "1088816" failed: fts5: syntax error near "."
[SQLite FTS5] query "1088903" failed: fts5: syntax error near "?"
[SQLite FTS5] query "40337" failed: fts5: syntax error near "/"
[SQLite FTS5] query "1088928" failed: fts5: syntax error near ","
[SQLite FTS5] query "1089022" failed: fts5: syntax error near "'"
[SQLite FTS5] query "560673" failed: fts5: syntax error near "?"
[SQLite FTS5] query "1089541" failed: fts5: syntax error near "?"
[SQLite FTS5] query "1089760" failed: fts5: syntax error near "."
[SQLite FTS5] query "1089804" failed: fts5: syntax error near "network"
[SQLite FTS5] query "1089805" failed: fts5: syntax error near "."
[SQLite FTS5] query "1089940" failed: fts5: syntax error near "."
[SQLite FTS5] query "1089945" failed: fts5: syntax error near "'"
[SQLite FTS5] query "1090170" failed: fts5: syntax error near ","
[SQLite FTS5] query "1090613" failed: fts5: syntax error near "?"
[SQLite FTS5] query "909221" failed: fts5: syntax error near "?"
[SQLite FTS5] query "1090700" failed: fts5: syntax error near ">"
[SQLite FTS5] query "1091153" failed: fts5: syntax error near "'"
[SQLite FTS5] query "1091479" failed: fts5: syntax error near ","
[SQLite FTS5] query "1091522" failed: fts5: syntax error near "learning"
[SQLite FTS5] query "1091681" failed: fts5: syntax error near "."
[SQLite FTS5] query "1091715" failed: fts5: syntax error near "'"
[SQLite FTS5] query "1092005" failed: fts5: syntax error near "?"
[SQLite FTS5] query "837375" failed: fts5: syntax error near "?"
[SQLite FTS5] query "1092176" failed: fts5: syntax error near "?"
[SQLite FTS5] query "1092665" failed: fts5: syntax error near "'"
[SQLite FTS5] query "568526" failed: fts5: syntax error near "?"
[SQLite FTS5] query "1093031" failed: fts5: syntax error near ","
[SQLite FTS5] query "1093179" failed: fts5: syntax error near "'"
[SQLite FTS5] query "1093732" failed: fts5: syntax error near "."
[SQLite FTS5] query "1093750" failed: fts5: syntax error near ","
[SQLite FTS5] query "1093786" failed: no such column: barbados
[SQLite FTS5] query "1093845" failed: fts5: syntax error near "?"
[SQLite FTS5] query "1012431" failed: fts5: syntax error near "'"
[SQLite FTS5] query "1093866" failed: fts5: syntax error near "."
[SQLite FTS5] query "1093920" failed: fts5: syntax error near "."
[SQLite FTS5] query "1093926" failed: fts5: syntax error near "."
[SQLite FTS5] query "1093927" failed: fts5: syntax error near "?"
[SQLite FTS5] query "1093971" failed: fts5: syntax error near "?"
[SQLite FTS5] query "569689" failed: fts5: syntax error near "?"
[SQLite FTS5] query "1094175" failed: fts5: syntax error near "?"
[SQLite FTS5] query "1094204" failed: fts5: syntax error near "?"
[SQLite FTS5] query "569939" failed: fts5: syntax error near "?"
[SQLite FTS5] query "1094271" failed: fts5: syntax error near "'"
[SQLite FTS5] query "1094275" failed: fts5: syntax error near "?"
[SQLite FTS5] query "1094477" failed: no such column: movie
[SQLite FTS5] query "1094612" failed: fts5: syntax error near "/"
[SQLite FTS5] query "1094759" failed: fts5: syntax error near "."
[SQLite FTS5] query "1094962" failed: fts5: syntax error near "?"
[SQLite FTS5] query "1095238" failed: fts5: syntax error near "."
[SQLite FTS5] query "1095371" failed: fts5: syntax error near "?"
[SQLite FTS5] query "571103" failed: fts5: syntax error near "?"
[SQLite FTS5] query "1095490" failed: fts5: syntax error near "?"
[SQLite FTS5] query "1095633" failed: fts5: syntax error near "?"
[SQLite FTS5] query "1095654" failed: fts5: syntax error near "/"
[SQLite FTS5] query "1095921" failed: fts5: syntax error near "'"
[SQLite FTS5] query "571954" failed: fts5: syntax error near "'"
[SQLite FTS5] query "1096371" failed: fts5: syntax error near "%"
[SQLite FTS5] query "1096476" failed: fts5: syntax error near "."
[SQLite FTS5] query "1096551" failed: fts5: syntax error near "neon"
[SQLite FTS5] query "1096607" failed: fts5: syntax error near "?"
[SQLite FTS5] query "1096620" failed: fts5: syntax error near "?"
[SQLite FTS5] query "1096656" failed: fts5: syntax error near "?"
[SQLite FTS5] query "1096658" failed: fts5: syntax error near "?"
[SQLite FTS5] query "1096787" failed: fts5: syntax error near ","
[SQLite FTS5] query "1096827" failed: fts5: syntax error near "'"
[SQLite FTS5] query "1096850" failed: fts5: syntax error near "?"
[SQLite FTS5] query "1096866" failed: fts5: syntax error near "?"
[SQLite FTS5] query "1096932" failed: fts5: syntax error near "?"
[SQLite FTS5] query "1096944" failed: fts5: syntax error near "?"
[SQLite FTS5] query "1097014" failed: fts5: syntax error near "iron"
[SQLite FTS5] query "1097027" failed: fts5: syntax error near "?"
[SQLite FTS5] query "1097195" failed: fts5: syntax error near "?"
[SQLite FTS5] query "310853" failed: fts5: syntax error near "?"
[SQLite FTS5] query "1097585" failed: fts5: syntax error near "?"
[SQLite FTS5] query "573452" failed: fts5: syntax error near "?"
[SQLite FTS5] query "1097786" failed: fts5: syntax error near "?"
[SQLite FTS5] query "1005907" failed: fts5: syntax error near "?"
[SQLite FTS5] query "1098510" failed: fts5: syntax error near "?"
[SQLite FTS5] query "1098520" failed: fts5: syntax error near "?"
[SQLite FTS5] query "574547" failed: fts5: syntax error near "?"
[SQLite FTS5] query "1098874" failed: fts5: syntax error near "?"
[SQLite FTS5] query "1099099" failed: fts5: syntax error near "?"
[SQLite FTS5] query "1099108" failed: fts5: syntax error near "?"
[SQLite FTS5] query "1099340" failed: fts5: syntax error near "?"
[SQLite FTS5] query "575096" failed: fts5: syntax error near "?"
[SQLite FTS5] query "1099451" failed: fts5: syntax error near "'"
[SQLite FTS5] query "1099452" failed: no such column: based
[SQLite FTS5] query "1099456" failed: fts5: syntax error near "?"
[SQLite FTS5] query "837476" failed: fts5: syntax error near "?"
[SQLite FTS5] query "575407" failed: fts5: syntax error near "."
[SQLite FTS5] query "1099700" failed: fts5: syntax error near "?"
[SQLite FTS5] query "1099981" failed: fts5: syntax error near "&"
[SQLite FTS5] query "1100119" failed: no such column: co
[SQLite FTS5] query "1100218" failed: fts5: syntax error near "?"
[SQLite FTS5] query "1100980" failed: fts5: syntax error near "?"
[SQLite FTS5] query "1101044" failed: fts5: syntax error near "."
[SQLite FTS5] query "1101088" failed: fts5: syntax error near ","
[SQLite FTS5] query "1101172" failed: fts5: syntax error near "?"
[SQLite FTS5] query "1101173" failed: fts5: syntax error near "?"
[SQLite FTS5] query "1101279" failed: fts5: syntax error near "?"
[SQLite FTS5] query "8798" failed: fts5: syntax error near "."
[SQLite FTS5] query "1101714" failed: fts5: syntax error near ","
[SQLite FTS5] query "1101869" failed: fts5: syntax error near "'"
[SQLite FTS5] query "1101995" failed: fts5: syntax error near "?"
[SQLite FTS5] query "1102393" failed: fts5: syntax error near "'"
[SQLite FTS5] query "840445" failed: no such column: hall
[SQLite FTS5] query "1101271" failed: fts5: syntax error near "?"
[SQLite FTS5] query "1101282" failed: fts5: syntax error near "?"
[SQLite FTS5] query "840532" failed: fts5: syntax error near "."
[SQLite FTS5] query "1101303" failed: fts5: syntax error near "?"
[SQLite FTS5] query "314907" failed: fts5: syntax error near "?"
[SQLite FTS5] query "578735" failed: fts5: syntax error near "?"
[SQLite FTS5] query "841020" failed: fts5: syntax error near "?"
[SQLite FTS5] query "316803" failed: fts5: syntax error near "?"
[SQLite FTS5] query "842221" failed: fts5: syntax error near "?"
[SQLite FTS5] query "580411" failed: fts5: syntax error near "?"
[SQLite FTS5] query "795951" failed: fts5: syntax error near "?"
[SQLite FTS5] query "57614" failed: no such column: soluble
[SQLite FTS5] query "844594" failed: fts5: syntax error near "?"
[SQLite FTS5] query "58551" failed: fts5: syntax error near "."
[SQLite FTS5] query "1014697" failed: fts5: syntax error near "?"
[SQLite FTS5] query "846082" failed: fts5: syntax error near "?"
[SQLite FTS5] query "846438" failed: fts5: syntax error near "?"
[SQLite FTS5] query "846513" failed: fts5: syntax error near "?"
[SQLite FTS5] query "584569" failed: fts5: syntax error near "?"
[SQLite FTS5] query "846806" failed: no such column: number
[SQLite FTS5] query "1102351" failed: fts5: syntax error near "?"
[SQLite FTS5] query "847722" failed: fts5: syntax error near "."
[SQLite FTS5] query "585806" failed: fts5: syntax error near ","
[SQLite FTS5] query "61623" failed: fts5: syntax error near "?"
[SQLite FTS5] query "61836" failed: fts5: syntax error near "?"
[SQLite FTS5] query "324159" failed: fts5: syntax error near "?"
[SQLite FTS5] query "850236" failed: fts5: syntax error near "?"
[SQLite FTS5] query "588122" failed: fts5: syntax error near ","
[SQLite FTS5] query "447648" failed: fts5: syntax error near "'"
[SQLite FTS5] query "851004" failed: fts5: syntax error near "?"
[SQLite FTS5] query "65000" failed: fts5: syntax error near "?"
[SQLite FTS5] query "851813" failed: fts5: syntax error near "?"
[SQLite FTS5] query "852179" failed: fts5: syntax error near "."
[SQLite FTS5] query "1093322" failed: no such column: tenured
[SQLite FTS5] query "66389" failed: fts5: syntax error near "?"
[SQLite FTS5] query "590945" failed: fts5: syntax error near "?"
[SQLite FTS5] query "853646" failed: fts5: syntax error near "?"
[SQLite FTS5] query "672429" failed: fts5: syntax error near "?"
[SQLite FTS5] query "220495" failed: fts5: syntax error near "?"
[SQLite FTS5] query "592601" failed: fts5: syntax error near "?"
[SQLite FTS5] query "1049767" failed: fts5: syntax error near "?"
[SQLite FTS5] query "855725" failed: fts5: syntax error near "?"
[SQLite FTS5] query "230082" failed: fts5: syntax error near "?"
[SQLite FTS5] query "69789" failed: fts5: syntax error near "?"
[SQLite FTS5] query "856568" failed: fts5: syntax error near "?"
[SQLite FTS5] query "594793" failed: fts5: syntax error near "?"
[SQLite FTS5] query "1093507" failed: fts5: syntax error near ")"
[SQLite FTS5] query "334916" failed: fts5: syntax error near "?"
[SQLite FTS5] query "73257" failed: fts5: syntax error near "?"
[SQLite FTS5] query "859870" failed: fts5: syntax error near "/"
[SQLite FTS5] query "74328" failed: fts5: syntax error near "?"
[SQLite FTS5] query "599720" failed: fts5: syntax error near "?"
[SQLite FTS5] query "602352" failed: fts5: syntax error near ","
[SQLite FTS5] query "78418" failed: fts5: syntax error near "?"
[SQLite FTS5] query "340712" failed: fts5: syntax error near "?"
[SQLite FTS5] query "865518" failed: fts5: syntax error near "/"
[SQLite FTS5] query "603773" failed: fts5: syntax error near ","
[SQLite FTS5] query "866139" failed: fts5: syntax error near "?"
[SQLite FTS5] query "79891" failed: no such column: sweet
[SQLite FTS5] query "604619" failed: fts5: syntax error near ","
[SQLite FTS5] query "604673" failed: fts5: syntax error near ","
[SQLite FTS5] query "1018359" failed: fts5: syntax error near "?"
[SQLite FTS5] query "867490" failed: fts5: syntax error near "."
[SQLite FTS5] query "974808" failed: fts5: syntax error near "?"
[SQLite FTS5] query "868410" failed: fts5: syntax error near "?"
[SQLite FTS5] query "82379" failed: fts5: syntax error near "'"
[SQLite FTS5] query "868919" failed: fts5: syntax error near "?"
[SQLite FTS5] query "869348" failed: fts5: syntax error near "."
[SQLite FTS5] query "607292" failed: fts5: syntax error near "?"
[SQLite FTS5] query "975040" failed: fts5: syntax error near "?"
[SQLite FTS5] query "609104" failed: fts5: syntax error near ","
[SQLite FTS5] query "609469" failed: fts5: syntax error near ","
[SQLite FTS5] query "610190" failed: fts5: syntax error near ","
[SQLite FTS5] query "85954" failed: fts5: syntax error near "'"
[SQLite FTS5] query "931905" failed: fts5: syntax error near "'"
[SQLite FTS5] query "610940" failed: fts5: syntax error near ","
[SQLite FTS5] query "611271" failed: fts5: syntax error near "?"
[SQLite FTS5] query "612846" failed: fts5: syntax error near ","
[SQLite FTS5] query "614047" failed: fts5: syntax error near ","
[SQLite FTS5] query "877161" failed: fts5: syntax error near "'"
[SQLite FTS5] query "932639" failed: fts5: syntax error near "'"
[SQLite FTS5] query "91790" failed: fts5: syntax error near "'"
[SQLite FTS5] query "354222" failed: fts5: syntax error near "?"
[SQLite FTS5] query "823596" failed: no such column: soviet
[SQLite FTS5] query "980726" failed: fts5: syntax error near ","
[SQLite FTS5] query "93823" failed: no such column: curricular
[SQLite FTS5] query "618818" failed: fts5: syntax error near "?"
[SQLite FTS5] query "881582" failed: fts5: syntax error near "?"
[SQLite FTS5] query "96602" failed: fts5: syntax error near ","
[SQLite FTS5] query "1020999" failed: fts5: syntax error near "?"
[SQLite FTS5] query "98151" failed: fts5: syntax error near "."
[SQLite FTS5] query "622658" failed: fts5: syntax error near "'"
[SQLite FTS5] query "884878" failed: fts5: syntax error near "'"
[SQLite FTS5] query "893642" failed: fts5: syntax error near "'"
[SQLite FTS5] query "622893" failed: fts5: syntax error near "?"
[SQLite FTS5] query "98682" failed: no such column: candles
[SQLite FTS5] query "885184" failed: fts5: syntax error near "?"
[SQLite FTS5] query "885433" failed: fts5: syntax error near "?"
[SQLite FTS5] query "885932" failed: fts5: syntax error near "'"
[SQLite FTS5] query "362016" failed: fts5: syntax error near "&"
[SQLite FTS5] query "886332" failed: fts5: syntax error near "?"
[SQLite FTS5] query "886382" failed: fts5: syntax error near "?"
[SQLite FTS5] query "625022" failed: fts5: syntax error near "?"
[SQLite FTS5] query "887395" failed: fts5: syntax error near "?"
[SQLite FTS5] query "627323" failed: fts5: syntax error near "'"
[SQLite FTS5] query "978605" failed: fts5: syntax error near ","
[SQLite FTS5] query "891719" failed: fts5: syntax error near "'"
[SQLite FTS5] query "17586" failed: fts5: syntax error near "."
[SQLite FTS5] query "892454" failed: fts5: syntax error near "?"
[SQLite FTS5] query "630391" failed: fts5: syntax error near "?"
[SQLite FTS5] query "893275" failed: fts5: syntax error near "?"
[SQLite FTS5] query "894161" failed: fts5: syntax error near "?"
[SQLite FTS5] query "1042399" failed: fts5: syntax error near "?"
[SQLite FTS5] query "634489" failed: fts5: syntax error near "?"
[SQLite FTS5] query "635058" failed: fts5: syntax error near "?"
[SQLite FTS5] query "635497" failed: fts5: syntax error near "."
[SQLite FTS5] query "897953" failed: fts5: syntax error near "."
[SQLite FTS5] query "111723" failed: fts5: syntax error near "?"
[SQLite FTS5] query "630318" failed: fts5: syntax error near "?"
[SQLite FTS5] query "898686" failed: fts5: syntax error near "?"
[SQLite FTS5] query "899212" failed: fts5: syntax error near "?"
[SQLite FTS5] query "637234" failed: no such column: exempt
[SQLite FTS5] query "899423" failed: fts5: syntax error near "?"
[SQLite FTS5] query "113732" failed: fts5: syntax error near "/"
[SQLite FTS5] query "638503" failed: fts5: syntax error near "?"
[SQLite FTS5] query "900924" failed: fts5: syntax error near "?"
[SQLite FTS5] query "313262" failed: fts5: syntax error near "?"
[SQLite FTS5] query "639163" failed: fts5: syntax error near "?"
[SQLite FTS5] query "115930" failed: fts5: syntax error near "'"
[SQLite FTS5] query "47513" failed: fts5: syntax error near "."
[SQLite FTS5] query "1067990" failed: fts5: syntax error near "?"
[SQLite FTS5] query "641293" failed: fts5: syntax error near "?"
[SQLite FTS5] query "904727" failed: fts5: syntax error near "?"
[SQLite FTS5] query "905057" failed: fts5: syntax error near "?"
[SQLite FTS5] query "905479" failed: fts5: syntax error near "?"
[SQLite FTS5] query "905604" failed: fts5: syntax error near ","
[SQLite FTS5] query "644746" failed: no such column: ed
[SQLite FTS5] query "1095165" failed: fts5: syntax error near "?"
[SQLite FTS5] query "646623" failed: fts5: syntax error near "?"
[SQLite FTS5] query "909547" failed: fts5: syntax error near "?"
[SQLite FTS5] query "910622" failed: fts5: syntax error near "?"
[SQLite FTS5] query "64528" failed: fts5: syntax error near "?"
[SQLite FTS5] query "649893" failed: fts5: syntax error near "?"
[SQLite FTS5] query "125996" failed: fts5: syntax error near "'"
[SQLite FTS5] query "913374" failed: fts5: syntax error near "?"
[SQLite FTS5] query "977467" failed: fts5: syntax error near "?"
[SQLite FTS5] query "914321" failed: fts5: syntax error near "?"
[SQLite FTS5] query "914771" failed: no such column: in
[SQLite FTS5] query "1086675" failed: fts5: syntax error near "'"
[SQLite FTS5] query "807845" failed: fts5: syntax error near "'"
[SQLite FTS5] query "915305" failed: fts5: syntax error near "?"
[SQLite FTS5] query "653187" failed: fts5: syntax error near "?"
[SQLite FTS5] query "915544" failed: fts5: syntax error near "?"
[SQLite FTS5] query "129205" failed: fts5: syntax error near "'"
[SQLite FTS5] query "915769" failed: fts5: syntax error near "?"
[SQLite FTS5] query "129491" failed: no such column: define
[SQLite FTS5] query "129517" failed: no such column: define
[SQLite FTS5] query "129641" failed: no such column: define
[SQLite FTS5] query "129684" failed: no such column: define
[SQLite FTS5] query "916186" failed: fts5: syntax error near "?"
[SQLite FTS5] query "129792" failed: no such column: define
[SQLite FTS5] query "129837" failed: no such column: define
[SQLite FTS5] query "633375" failed: fts5: syntax error near "?"
[SQLite FTS5] query "633399" failed: fts5: syntax error near "?"
[SQLite FTS5] query "655046" failed: fts5: syntax error near "?"
[SQLite FTS5] query "917825" failed: fts5: syntax error near "'"
[SQLite FTS5] query "393881" failed: fts5: syntax error near "'"
[SQLite FTS5] query "918800" failed: fts5: syntax error near "'"
[SQLite FTS5] query "1070728" failed: fts5: syntax error near "?"
[SQLite FTS5] query "763878" failed: fts5: syntax error near "?"
[SQLite FTS5] query "920218" failed: fts5: syntax error near "?"
[SQLite FTS5] query "920753" failed: fts5: syntax error near "?"
[SQLite FTS5] query "135633" failed: fts5: syntax error near "."
[SQLite FTS5] query "660957" failed: fts5: syntax error near "?"
[SQLite FTS5] query "661076" failed: fts5: syntax error near "?"
[SQLite FTS5] query "399364" failed: fts5: syntax error near "?"
[SQLite FTS5] query "399414" failed: no such column: rich
[SQLite FTS5] query "399527" failed: fts5: syntax error near "?"
[SQLite FTS5] query "399617" failed: fts5: syntax error near "&"
[SQLite FTS5] query "924567" failed: fts5: syntax error near "'"
[SQLite FTS5] query "663679" failed: fts5: syntax error near "?"
[SQLite FTS5] query "926019" failed: no such column: beach
[SQLite FTS5] query "1028179" failed: fts5: syntax error near "?"
[SQLite FTS5] query "140216" failed: no such column: definition
[SQLite FTS5] query "140238" failed: no such column: definition
[SQLite FTS5] query "665009" failed: fts5: syntax error near "?"
[SQLite FTS5] query "403095" failed: fts5: syntax error near "'"
[SQLite FTS5] query "403361" failed: fts5: syntax error near "'"
[SQLite FTS5] query "141694" failed: fts5: syntax error near "."
[SQLite FTS5] query "928572" failed: fts5: syntax error near "?"
[SQLite FTS5] query "666792" failed: fts5: syntax error near "?"
[SQLite FTS5] query "929473" failed: fts5: syntax error near "'"
[SQLite FTS5] query "405330" failed: fts5: syntax error near "?"
[SQLite FTS5] query "1072506" failed: fts5: syntax error near "?"
[SQLite FTS5] query "930124" failed: fts5: syntax error near "'"
[SQLite FTS5] query "930293" failed: fts5: syntax error near "'"
[SQLite FTS5] query "930326" failed: fts5: syntax error near "'"
[SQLite FTS5] query "930483" failed: fts5: syntax error near "'"
[SQLite FTS5] query "930534" failed: fts5: syntax error near "'"
[SQLite FTS5] query "930549" failed: fts5: syntax error near "'"
[SQLite FTS5] query "930621" failed: fts5: syntax error near "'"
[SQLite FTS5] query "930721" failed: fts5: syntax error near "'"
[SQLite FTS5] query "144528" failed: fts5: syntax error near "?"
[SQLite FTS5] query "931147" failed: fts5: syntax error near "'"
[SQLite FTS5] query "406923" failed: fts5: syntax error near "?"
[SQLite FTS5] query "407274" failed: fts5: syntax error near "?"
[SQLite FTS5] query "931726" failed: fts5: syntax error near "'"
[SQLite FTS5] query "931772" failed: fts5: syntax error near "'"
[SQLite FTS5] query "931940" failed: fts5: syntax error near "'"
[SQLite FTS5] query "932495" failed: fts5: syntax error near "'"
[SQLite FTS5] query "670476" failed: fts5: syntax error near "?"
[SQLite FTS5] query "932735" failed: fts5: syntax error near "'"
[SQLite FTS5] query "932878" failed: fts5: syntax error near "'"
[SQLite FTS5] query "670829" failed: fts5: syntax error near "?"
[SQLite FTS5] query "933132" failed: fts5: syntax error near "'"
[SQLite FTS5] query "408945" failed: fts5: syntax error near "'"
[SQLite FTS5] query "933236" failed: fts5: syntax error near "'"
[SQLite FTS5] query "409207" failed: fts5: syntax error near "?"
[SQLite FTS5] query "933551" failed: fts5: syntax error near "'"
[SQLite FTS5] query "933652" failed: fts5: syntax error near "'"
[SQLite FTS5] query "933742" failed: fts5: syntax error near "'"
[SQLite FTS5] query "409557" failed: fts5: syntax error near "?"
[SQLite FTS5] query "933861" failed: fts5: syntax error near "'"
[SQLite FTS5] query "933946" failed: fts5: syntax error near "'"
[SQLite FTS5] query "147542" failed: fts5: syntax error near "&"
[SQLite FTS5] query "409694" failed: fts5: syntax error near "?"
[SQLite FTS5] query "934134" failed: fts5: syntax error near "'"
[SQLite FTS5] query "934223" failed: fts5: syntax error near "'"
[SQLite FTS5] query "934235" failed: fts5: syntax error near "'"
[SQLite FTS5] query "672109" failed: fts5: syntax error near "."
[SQLite FTS5] query "942221" failed: fts5: syntax error near "."
[SQLite FTS5] query "934795" failed: fts5: syntax error near "."
[SQLite FTS5] query "673143" failed: fts5: syntax error near "."
[SQLite FTS5] query "898631" failed: fts5: syntax error near ","
[SQLite FTS5] query "673984" failed: fts5: syntax error near "?"
[SQLite FTS5] query "156251" failed: fts5: syntax error near "?"
[SQLite FTS5] query "25344" failed: fts5: syntax error near "?"
[SQLite FTS5] query "676454" failed: fts5: syntax error near "?"
[SQLite FTS5] query "939473" failed: fts5: syntax error near "."
[SQLite FTS5] query "415500" failed: fts5: syntax error near "?"
[SQLite FTS5] query "677936" failed: no such column: op
[SQLite FTS5] query "153794" failed: fts5: syntax error near ","
[SQLite FTS5] query "415962" failed: fts5: syntax error near "?"
[SQLite FTS5] query "768411" failed: fts5: syntax error near "?"
[SQLite FTS5] query "417040" failed: fts5: syntax error near "?"
[SQLite FTS5] query "679390" failed: fts5: syntax error near "?"
[SQLite FTS5] query "417362" failed: fts5: syntax error near "?"
[SQLite FTS5] query "942354" failed: fts5: syntax error near "?"
[SQLite FTS5] query "418423" failed: fts5: syntax error near "?"
[SQLite FTS5] query "943190" failed: fts5: syntax error near "'"
[SQLite FTS5] query "157149" failed: fts5: syntax error near "?"
[SQLite FTS5] query "419692" failed: fts5: syntax error near "?"
[SQLite FTS5] query "682365" failed: fts5: syntax error near "?"
[SQLite FTS5] query "900164" failed: fts5: syntax error near "?"
[SQLite FTS5] query "944700" failed: fts5: syntax error near "?"
[SQLite FTS5] query "682910" failed: fts5: syntax error near "'"
[SQLite FTS5] query "987644" failed: fts5: syntax error near "'"
[SQLite FTS5] query "420867" failed: fts5: syntax error near ";"
[SQLite FTS5] query "987657" failed: fts5: syntax error near "?"
[SQLite FTS5] query "267187" failed: fts5: syntax error near "?"
[SQLite FTS5] query "1031502" failed: fts5: syntax error near "?"
[SQLite FTS5] query "422268" failed: fts5: syntax error near "?"
[SQLite FTS5] query "684780" failed: fts5: syntax error near ","
[SQLite FTS5] query "161117" failed: fts5: syntax error near "?"
[SQLite FTS5] query "685591" failed: fts5: syntax error near "?"
[SQLite FTS5] query "424408" failed: fts5: syntax error near ","
[SQLite FTS5] query "813605" failed: fts5: syntax error near ","
[SQLite FTS5] query "689223" failed: fts5: syntax error near "?"
[SQLite FTS5] query "817309" failed: fts5: syntax error near "?"
[SQLite FTS5] query "689851" failed: fts5: syntax error near "?"
[SQLite FTS5] query "952388" failed: fts5: syntax error near "?"
[SQLite FTS5] query "428113" failed: fts5: syntax error near "?"
[SQLite FTS5] query "952452" failed: fts5: syntax error near "?"
[SQLite FTS5] query "690705" failed: fts5: syntax error near "'"
[SQLite FTS5] query "428847" failed: fts5: syntax error near "?"
[SQLite FTS5] query "683193" failed: fts5: syntax error near "?"
[SQLite FTS5] query "290091" failed: fts5: syntax error near "'"
[SQLite FTS5] query "168175" failed: fts5: syntax error near "?"
[SQLite FTS5] query "955117" failed: fts5: syntax error near ","
[SQLite FTS5] query "596282" failed: fts5: syntax error near "?"
[SQLite FTS5] query "694560" failed: fts5: syntax error near "?"
[SQLite FTS5] query "694845" failed: fts5: syntax error near "?"
[SQLite FTS5] query "956993" failed: fts5: syntax error near "'"
[SQLite FTS5] query "433415" failed: fts5: syntax error near "'"
[SQLite FTS5] query "696217" failed: fts5: syntax error near "?"
[SQLite FTS5] query "958993" failed: fts5: syntax error near "."
[SQLite FTS5] query "959034" failed: fts5: syntax error near "?"
[SQLite FTS5] query "172608" failed: no such column: axis
[SQLite FTS5] query "172787" failed: no such column: shot
[SQLite FTS5] query "960566" failed: fts5: syntax error near "?"
[SQLite FTS5] query "961048" failed: fts5: syntax error near "?"
[SQLite FTS5] query "961097" failed: fts5: syntax error near "?"
[SQLite FTS5] query "961255" failed: fts5: syntax error near "?"
[SQLite FTS5] query "961579" failed: fts5: syntax error near "?"
[SQLite FTS5] query "176015" failed: fts5: syntax error near "."
[SQLite FTS5] query "772129" failed: no such column: century
[SQLite FTS5] query "439176" failed: fts5: syntax error near "="
[SQLite FTS5] query "701335" failed: fts5: syntax error near "?"
[SQLite FTS5] query "422893" failed: no such column: sufficient
[SQLite FTS5] query "1034679" failed: fts5: syntax error near "="
[SQLite FTS5] query "1087076" failed: fts5: syntax error near "?"
[SQLite FTS5] query "996301" failed: fts5: syntax error near "?"
[SQLite FTS5] query "704398" failed: fts5: syntax error near "?"
[SQLite FTS5] query "30039" failed: fts5: syntax error near "&"
[SQLite FTS5] query "991241" failed: fts5: syntax error near "?"
[SQLite FTS5] query "161224" failed: fts5: syntax error near "?"
[SQLite FTS5] query "1035098" failed: fts5: syntax error near "?"
[SQLite FTS5] query "182081" failed: fts5: syntax error near "?"
[SQLite FTS5] query "729508" failed: fts5: syntax error near "?"
[SQLite FTS5] query "904389" failed: no such column: fil
[SQLite FTS5] query "1035535" failed: fts5: syntax error near "?"
[SQLite FTS5] query "184105" failed: fts5: syntax error near ","
[SQLite FTS5] query "708517" failed: fts5: syntax error near "?"
[SQLite FTS5] query "643359" failed: fts5: syntax error near "?"
[SQLite FTS5] query "708781" failed: fts5: syntax error near "?"
[SQLite FTS5] query "971213" failed: fts5: syntax error near "?"
[SQLite FTS5] query "971233" failed: fts5: syntax error near "'"
[SQLite FTS5] query "992132" failed: fts5: syntax error near "?"
[SQLite FTS5] query "448123" failed: fts5: syntax error near ","
[SQLite FTS5] query "710297" failed: fts5: syntax error near "?"
[SQLite FTS5] query "992407" failed: fts5: syntax error near "?"
[SQLite FTS5] query "973917" failed: fts5: syntax error near "?"
[SQLite FTS5] query "1079868" failed: fts5: syntax error near "'"
[SQLite FTS5] query "974220" failed: fts5: syntax error near "?"
[SQLite FTS5] query "992618" failed: fts5: syntax error near "?"
[SQLite FTS5] query "712944" failed: fts5: syntax error near "?"
[SQLite FTS5] query "992677" failed: fts5: syntax error near "?"
[SQLite FTS5] query "713448" failed: fts5: syntax error near "/"
[SQLite FTS5] query "977952" failed: fts5: syntax error near "?"
[SQLite FTS5] query "993353" failed: no such column: performing
[SQLite FTS5] query "512825" failed: no such column: analog
[SQLite FTS5] query "980168" failed: fts5: syntax error near ","
[SQLite FTS5] query "981006" failed: fts5: syntax error near ","
[SQLite FTS5] query "272047" failed: fts5: syntax error near "."
[SQLite FTS5] query "993996" failed: fts5: syntax error near "?"
[SQLite FTS5] query "983543" failed: fts5: syntax error near ","
[SQLite FTS5] query "984075" failed: fts5: syntax error near "'"
[SQLite FTS5] query "985165" failed: fts5: syntax error near "."
[SQLite FTS5] query "985207" failed: fts5: syntax error near "?"
[SQLite FTS5] query "985433" failed: fts5: syntax error near "'"
[SQLite FTS5] query "985461" failed: fts5: syntax error near "'"
[SQLite FTS5] query "1036656" failed: fts5: syntax error near "?"
[SQLite FTS5] query "298113" failed: fts5: syntax error near "?"
[SQLite FTS5] query "986472" failed: fts5: syntax error near "'"
[SQLite FTS5] query "986494" failed: fts5: syntax error near "?"
[SQLite FTS5] query "724872" failed: fts5: syntax error near "?"
[SQLite FTS5] query "725047" failed: fts5: syntax error near "?"
[SQLite FTS5] query "987567" failed: fts5: syntax error near "?"
[SQLite FTS5] query "987573" failed: fts5: syntax error near "?"
[SQLite FTS5] query "987791" failed: fts5: syntax error near "?"
[SQLite FTS5] query "725951" failed: fts5: syntax error near "?"
[SQLite FTS5] query "988122" failed: fts5: syntax error near "'"
[SQLite FTS5] query "988504" failed: fts5: syntax error near "?"
[SQLite FTS5] query "988512" failed: fts5: syntax error near "?"
[SQLite FTS5] query "156723" failed: fts5: syntax error near "?"
[SQLite FTS5] query "726614" failed: fts5: syntax error near "/"
[SQLite FTS5] query "988911" failed: fts5: syntax error near "?"
[SQLite FTS5] query "202797" failed: fts5: syntax error near "'"
[SQLite FTS5] query "727707" failed: fts5: syntax error near "?"
[SQLite FTS5] query "989870" failed: fts5: syntax error near "'"
[SQLite FTS5] query "990223" failed: fts5: syntax error near "."
[SQLite FTS5] query "1038879" failed: fts5: syntax error near "?"
[SQLite FTS5] query "990526" failed: fts5: syntax error near "'"
[SQLite FTS5] query "991324" failed: fts5: syntax error near "?"
[SQLite FTS5] query "685717" failed: fts5: syntax error near "?"
[SQLite FTS5] query "991383" failed: fts5: syntax error near ","
[SQLite FTS5] query "991598" failed: fts5: syntax error near "?"
[SQLite FTS5] query "991662" failed: fts5: syntax error near "?"
[SQLite FTS5] query "205251" failed: fts5: syntax error near "'"
[SQLite FTS5] query "991685" failed: fts5: syntax error near "'"
[SQLite FTS5] query "514851" failed: fts5: syntax error near "?"
[SQLite FTS5] query "992193" failed: fts5: syntax error near "?"
[SQLite FTS5] query "992383" failed: fts5: syntax error near "?"
[SQLite FTS5] query "992531" failed: fts5: syntax error near "?"
[SQLite FTS5] query "992605" failed: fts5: syntax error near "?"
[SQLite FTS5] query "992659" failed: fts5: syntax error near "?"
[SQLite FTS5] query "992757" failed: fts5: syntax error near "?"
[SQLite FTS5] query "992802" failed: fts5: syntax error near ","
[SQLite FTS5] query "992869" failed: fts5: syntax error near "?"
[SQLite FTS5] query "992946" failed: fts5: syntax error near "?"
[SQLite FTS5] query "993178" failed: fts5: syntax error near ","
[SQLite FTS5] query "993255" failed: fts5: syntax error near "?"
[SQLite FTS5] query "993492" failed: fts5: syntax error near "?"
[SQLite FTS5] query "993544" failed: fts5: syntax error near ","
[SQLite FTS5] query "993627" failed: fts5: syntax error near "?"
[SQLite FTS5] query "993821" failed: fts5: syntax error near "?"
[SQLite FTS5] query "993834" failed: fts5: syntax error near "?"
[SQLite FTS5] query "993883" failed: fts5: syntax error near "?"
[SQLite FTS5] query "993987" failed: fts5: syntax error near "?"
[SQLite FTS5] query "994005" failed: fts5: syntax error near "?"
[SQLite FTS5] query "994133" failed: fts5: syntax error near "?"
[SQLite FTS5] query "994228" failed: fts5: syntax error near "'"
[SQLite FTS5] query "994338" failed: fts5: syntax error near "?"
[SQLite FTS5] query "994397" failed: fts5: syntax error near ","
[SQLite FTS5] query "732288" failed: fts5: syntax error near "?"
[SQLite FTS5] query "994449" failed: fts5: syntax error near "'"
[SQLite FTS5] query "994478" failed: fts5: syntax error near "?"
[SQLite FTS5] query "994688" failed: fts5: syntax error near "?"
[SQLite FTS5] query "732618" failed: fts5: syntax error near "?"
[SQLite FTS5] query "994792" failed: fts5: syntax error near "?"
[SQLite FTS5] query "818421" failed: fts5: syntax error near "&"
[SQLite FTS5] query "208494" failed: fts5: syntax error near "'"
[SQLite FTS5] query "932223" failed: fts5: syntax error near "'"
[SQLite FTS5] query "995141" failed: fts5: syntax error near ","
[SQLite FTS5] query "297019" failed: fts5: syntax error near "?"
[SQLite FTS5] query "995789" failed: fts5: syntax error near "?"
[SQLite FTS5] query "996011" failed: fts5: syntax error near "?"
[SQLite FTS5] query "775138" failed: fts5: syntax error near "?"
[SQLite FTS5] query "296441" failed: fts5: syntax error near "'"
[SQLite FTS5] query "735387" failed: fts5: syntax error near "?"
[SQLite FTS5] query "997713" failed: fts5: syntax error near ","
[SQLite FTS5] query "997935" failed: fts5: syntax error near "&"
[SQLite FTS5] query "998013" failed: fts5: syntax error near ","
[SQLite FTS5] query "998192" failed: fts5: syntax error near "'"
[SQLite FTS5] query "998246" failed: fts5: syntax error near ","
[SQLite FTS5] query "736125" failed: fts5: syntax error near "?"
[SQLite FTS5] query "998309" failed: fts5: syntax error near ","
[SQLite FTS5] query "998381" failed: fts5: syntax error near "?"
[SQLite FTS5] query "1040238" failed: fts5: syntax error near "?"
[SQLite FTS5] query "998609" failed: fts5: syntax error near "'"
[SQLite FTS5] query "998681" failed: fts5: syntax error near ","
[SQLite FTS5] query "998891" failed: fts5: syntax error near "'"
[SQLite FTS5] query "999110" failed: fts5: syntax error near ","
[SQLite FTS5] query "999385" failed: fts5: syntax error near "?"
[SQLite FTS5] query "999550" failed: fts5: syntax error near ","
[SQLite FTS5] query "999552" failed: fts5: syntax error near ";"
[SQLite FTS5] query "999555" failed: fts5: syntax error near ","
[SQLite FTS5] query "999637" failed: fts5: syntax error near "?"
[SQLite FTS5] query "737512" failed: fts5: syntax error near "?"
[SQLite FTS5] query "999897" failed: fts5: syntax error near "."
[SQLite FTS5] query "999921" failed: no such column: define
[SQLite FTS5] query "1000083" failed: no such column: define
[SQLite FTS5] query "996825" failed: fts5: syntax error near "?"
[SQLite FTS5] query "1000232" failed: fts5: syntax error near "?"
[SQLite FTS5] query "1000459" failed: fts5: syntax error near "?"
[SQLite FTS5] query "1000619" failed: fts5: syntax error near "/"
[SQLite FTS5] query "1000678" failed: fts5: syntax error near "?"
[SQLite FTS5] query "560059" failed: fts5: syntax error near "?"
[SQLite FTS5] query "1001397" failed: no such column: define
[SQLite FTS5] query "1001810" failed: fts5: syntax error near "?"
[SQLite FTS5] query "739671" failed: fts5: syntax error near "?"
[SQLite FTS5] query "1001903" failed: no such column: define
[SQLite FTS5] query "1001926" failed: fts5: syntax error near "?"
[SQLite FTS5] query "1001981" failed: fts5: syntax error near "?"
[SQLite FTS5] query "1002330" failed: fts5: syntax error near "?"
[SQLite FTS5] query "1002426" failed: fts5: syntax error near "?"
[SQLite FTS5] query "1002554" failed: fts5: syntax error near "?"
[SQLite FTS5] query "1002585" failed: fts5: syntax error near "?"
[SQLite FTS5] query "740762" failed: fts5: syntax error near "'"
[SQLite FTS5] query "1003006" failed: fts5: syntax error near "."
[SQLite FTS5] query "1003015" failed: fts5: syntax error near "?"
[SQLite FTS5] query "1003329" failed: fts5: syntax error near "'"
[SQLite FTS5] query "1041043" failed: no such column: corp
[SQLite FTS5] query "741274" failed: fts5: syntax error near "?"
[SQLite FTS5] query "1003590" failed: fts5: syntax error near "?"
[SQLite FTS5] query "469873" failed: no such column: specific
[SQLite FTS5] query "1003849" failed: fts5: syntax error near "?"
[SQLite FTS5] query "742022" failed: fts5: syntax error near "?"
[SQLite FTS5] query "1004191" failed: fts5: syntax error near "'"
[SQLite FTS5] query "1004322" failed: fts5: syntax error near "?"
[SQLite FTS5] query "1004493" failed: fts5: syntax error near "?"
[SQLite FTS5] query "1005163" failed: fts5: syntax error near "'"
[SQLite FTS5] query "481387" failed: fts5: syntax error near ","
[SQLite FTS5] query "743696" failed: fts5: syntax error near "?"
[SQLite FTS5] query "1006489" failed: fts5: syntax error near "?"
[SQLite FTS5] query "688218" failed: fts5: syntax error near "?"
[SQLite FTS5] query "1007382" failed: fts5: syntax error near ","
[SQLite FTS5] query "129565" failed: no such column: define
[SQLite FTS5] query "211621" failed: fts5: syntax error near "?"
[SQLite FTS5] query "1007673" failed: fts5: syntax error near "?"
[SQLite FTS5] query "1007691" failed: fts5: syntax error near ","
[SQLite FTS5] query "1007696" failed: fts5: syntax error near ","
[SQLite FTS5] query "745746" failed: fts5: syntax error near "?"
[SQLite FTS5] query "1007972" failed: fts5: syntax error near ","
[SQLite FTS5] query "1008208" failed: fts5: syntax error near "'"
[SQLite FTS5] query "1008515" failed: fts5: syntax error near "'"
[SQLite FTS5] query "1008516" failed: fts5: syntax error near "'"
[SQLite FTS5] query "1008911" failed: fts5: syntax error near "'"
[SQLite FTS5] query "1008947" failed: fts5: syntax error near "'"
[SQLite FTS5] query "1008951" failed: fts5: syntax error near "'"
[SQLite FTS5] query "1008968" failed: fts5: syntax error near "'"
[SQLite FTS5] query "1008977" failed: fts5: syntax error near "'"
[SQLite FTS5] query "1008979" failed: fts5: syntax error near "'"
[SQLite FTS5] query "1009023" failed: fts5: syntax error near "'"
[SQLite FTS5] query "1009109" failed: fts5: syntax error near "?"
[SQLite FTS5] query "1009183" failed: fts5: syntax error near "'"
[SQLite FTS5] query "1009237" failed: fts5: syntax error near "'"
[SQLite FTS5] query "222954" failed: fts5: syntax error near "?"
[SQLite FTS5] query "1009388" failed: fts5: syntax error near "'"
[SQLite FTS5] query "1009527" failed: fts5: syntax error near "'"
[SQLite FTS5] query "1009610" failed: fts5: syntax error near "'"
[SQLite FTS5] query "1009695" failed: fts5: syntax error near "'"
[SQLite FTS5] query "1009724" failed: fts5: syntax error near "'"
[SQLite FTS5] query "1009742" failed: fts5: syntax error near "'"
[SQLite FTS5] query "1009749" failed: fts5: syntax error near "'"
[SQLite FTS5] query "1009994" failed: fts5: syntax error near "'"
[SQLite FTS5] query "1010059" failed: fts5: syntax error near "mg"
[SQLite FTS5] query "1010277" failed: no such column: and
[SQLite FTS5] query "1010287" failed: fts5: syntax error near "."
[SQLite FTS5] query "1010607" failed: fts5: syntax error near "?"
[SQLite FTS5] query "996317" failed: fts5: syntax error near "?"
[SQLite FTS5] query "748935" failed: fts5: syntax error near "?"
[SQLite FTS5] query "1011328" failed: fts5: syntax error near "."
[SQLite FTS5] query "1011381" failed: fts5: syntax error near "?"
[SQLite FTS5] query "749244" failed: fts5: syntax error near "/"
[SQLite FTS5] query "749267" failed: fts5: syntax error near "?"
[SQLite FTS5] query "1011529" failed: fts5: syntax error near "?"
[SQLite FTS5] query "1011663" failed: fts5: syntax error near "'"
[SQLite FTS5] query "1011721" failed: fts5: syntax error near "?"
[SQLite FTS5] query "1012026" failed: fts5: syntax error near "?"
[SQLite FTS5] query "1012329" failed: fts5: syntax error near "?"
[SQLite FTS5] query "1012464" failed: fts5: syntax error near "."
[SQLite FTS5] query "750421" failed: fts5: syntax error near "?"
[SQLite FTS5] query "1012780" failed: fts5: syntax error near "?"
[SQLite FTS5] query "1012865" failed: fts5: syntax error near "?"
[SQLite FTS5] query "1012866" failed: fts5: syntax error near "'"
[SQLite FTS5] query "226461" failed: fts5: syntax error near "?"
[SQLite FTS5] query "1086477" failed: fts5: syntax error near "?"
[SQLite FTS5] query "1013965" failed: fts5: syntax error near ","
[SQLite FTS5] query "1014115" failed: fts5: syntax error near "?"
[SQLite FTS5] query "227968" failed: fts5: syntax error near "?"
[SQLite FTS5] query "1014911" failed: fts5: syntax error near "?"
[SQLite FTS5] query "1015055" failed: fts5: syntax error near "hormone"
[SQLite FTS5] query "1015556" failed: fts5: syntax error near "?"
[SQLite FTS5] query "1094395" failed: fts5: syntax error near "'"
[SQLite FTS5] query "1015766" failed: fts5: syntax error near "?"
[SQLite FTS5] query "1016254" failed: fts5: syntax error near "&"
[SQLite FTS5] query "1016406" failed: fts5: syntax error near "?"
[SQLite FTS5] query "1016703" failed: no such column: way
[SQLite FTS5] query "754786" failed: fts5: syntax error near "'"
[SQLite FTS5] query "1087589" failed: fts5: syntax error near "?"
[SQLite FTS5] query "1098806" failed: fts5: syntax error near "?"
[SQLite FTS5] query "1017348" failed: fts5: syntax error near "?"
[SQLite FTS5] query "1017537" failed: fts5: syntax error near "'"
[SQLite FTS5] query "231109" failed: fts5: syntax error near "?"
[SQLite FTS5] query "1017692" failed: fts5: syntax error near ","
[SQLite FTS5] query "1017892" failed: fts5: syntax error near "'"
[SQLite FTS5] query "1018056" failed: fts5: syntax error near ","
[SQLite FTS5] query "1043545" failed: fts5: syntax error near "?"
[SQLite FTS5] query "1019179" failed: fts5: syntax error near "?"
[SQLite FTS5] query "1019414" failed: fts5: syntax error near "?"
[SQLite FTS5] query "1019470" failed: no such column: sustaining
[SQLite FTS5] query "344955" failed: fts5: syntax error near "?"
[SQLite FTS5] query "759515" failed: fts5: syntax error near "/"
[SQLite FTS5] query "1021679" failed: fts5: syntax error near "?"
[SQLite FTS5] query "1021797" failed: fts5: syntax error near "?"
[SQLite FTS5] query "1021907" failed: fts5: syntax error near "?"
[SQLite FTS5] query "1022132" failed: fts5: syntax error near "?"
[SQLite FTS5] query "39360" failed: fts5: syntax error near "."
[SQLite FTS5] query "760512" failed: fts5: syntax error near "?"
[SQLite FTS5] query "738422" failed: fts5: syntax error near "'"
[SQLite FTS5] query "1000574" failed: no such column: canadian
[SQLite FTS5] query "1022769" failed: fts5: syntax error near "?"
[SQLite FTS5] query "760817" failed: fts5: syntax error near "number"
[SQLite FTS5] query "499126" failed: fts5: syntax error near "'"
[SQLite FTS5] query "1023838" failed: fts5: syntax error near "'"
[SQLite FTS5] query "761963" failed: fts5: syntax error near "'"
[SQLite FTS5] query "762111" failed: fts5: syntax error near "?"
[SQLite FTS5] query "1024305" failed: fts5: syntax error near "."
[SQLite FTS5] query "826153" failed: fts5: syntax error near "?"
[SQLite FTS5] query "762652" failed: fts5: syntax error near "'"
[SQLite FTS5] query "618979" failed: fts5: syntax error near "?"
[SQLite FTS5] query "763084" failed: fts5: syntax error near "?"
[SQLite FTS5] query "1025259" failed: fts5: syntax error near "?"
[SQLite FTS5] query "1025348" failed: fts5: syntax error near "?"
[SQLite FTS5] query "239511" failed: fts5: syntax error near "?"
[SQLite FTS5] query "1027650" failed: fts5: syntax error near "?"
[SQLite FTS5] query "8701" failed: fts5: syntax error near ","
[SQLite FTS5] query "863499" failed: fts5: syntax error near "'"
[SQLite FTS5] query "242219" failed: fts5: syntax error near "?"
[SQLite FTS5] query "1028742" failed: fts5: syntax error near "?"
[SQLite FTS5] query "1029003" failed: fts5: syntax error near "'"
[SQLite FTS5] query "767248" failed: fts5: syntax error near "?"
[SQLite FTS5] query "1029694" failed: fts5: syntax error near "?"
[SQLite FTS5] query "1029791" failed: fts5: syntax error near ")"
[SQLite FTS5] query "1029908" failed: fts5: syntax error near "?"
[SQLite FTS5] query "558046" failed: fts5: syntax error near "?"
[SQLite FTS5] query "1030230" failed: fts5: syntax error near "?"
[SQLite FTS5] query "1030451" failed: fts5: syntax error near "?"
[SQLite FTS5] query "1030722" failed: fts5: syntax error near "?"
[SQLite FTS5] query "1031118" failed: fts5: syntax error near "?"
[SQLite FTS5] query "244929" failed: fts5: syntax error near "?"
[SQLite FTS5] query "1031682" failed: fts5: syntax error near "?"
[SQLite FTS5] query "1031684" failed: fts5: syntax error near "?"
[SQLite FTS5] query "507434" failed: fts5: syntax error near "/"
[SQLite FTS5] query "1032011" failed: fts5: syntax error near "?"
[SQLite FTS5] query "1032019" failed: fts5: syntax error near "?"
[SQLite FTS5] query "783781" failed: no such column: 9
[SQLite FTS5] query "1032822" failed: fts5: syntax error near "?"
[SQLite FTS5] query "1089670" failed: fts5: syntax error near "."
[SQLite FTS5] query "1033296" failed: no such column: fifth
[SQLite FTS5] query "771170" failed: fts5: syntax error near "'"
[SQLite FTS5] query "509114" failed: fts5: syntax error near "'"
[SQLite FTS5] query "1046093" failed: fts5: syntax error near "."
[SQLite FTS5] query "1033718" failed: fts5: syntax error near "?"
[SQLite FTS5] query "771694" failed: fts5: syntax error near "?"
[SQLite FTS5] query "1034050" failed: fts5: syntax error near "?"
[SQLite FTS5] query "1034136" failed: fts5: syntax error near "?"
[SQLite FTS5] query "1034172" failed: fts5: syntax error near "?"
[SQLite FTS5] query "1034761" failed: fts5: syntax error near "?"
[SQLite FTS5] query "1035321" failed: fts5: syntax error near "?"
[SQLite FTS5] query "511330" failed: fts5: syntax error near "."
[SQLite FTS5] query "1035805" failed: fts5: syntax error near "?"
[SQLite FTS5] query "1035874" failed: fts5: syntax error near "?"
[SQLite FTS5] query "1036005" failed: fts5: syntax error near "?"
[SQLite FTS5] query "1046520" failed: fts5: syntax error near "'"
[SQLite FTS5] query "1036380" failed: fts5: syntax error near "?"
[SQLite FTS5] query "1036542" failed: fts5: syntax error near "'"
[SQLite FTS5] query "512405" failed: fts5: syntax error near "."
[SQLite FTS5] query "1037033" failed: fts5: syntax error near "'"
[SQLite FTS5] query "740876" failed: fts5: syntax error near "'"
[SQLite FTS5] query "776517" failed: fts5: syntax error near "?"
[SQLite FTS5] query "1037686" failed: fts5: syntax error near "?"
[SQLite FTS5] query "1037817" failed: fts5: syntax error near "?"
[SQLite FTS5] query "1037872" failed: fts5: syntax error near "?"
[SQLite FTS5] query "1038161" failed: fts5: syntax error near "?"
[SQLite FTS5] query "391481" failed: fts5: syntax error near "?"
[SQLite FTS5] query "1038724" failed: fts5: syntax error near "?"
[SQLite FTS5] query "1046969" failed: fts5: syntax error near "'"
[SQLite FTS5] query "1039052" failed: fts5: syntax error near "?"
[SQLite FTS5] query "837681" failed: fts5: syntax error near "?"
[SQLite FTS5] query "777235" failed: fts5: syntax error near "?"
[SQLite FTS5] query "1039495" failed: fts5: syntax error near "?"
[SQLite FTS5] query "515573" failed: fts5: syntax error near "."
[SQLite FTS5] query "1040409" failed: fts5: syntax error near "?"
[SQLite FTS5] query "820267" failed: fts5: syntax error near "?"
[SQLite FTS5] query "516413" failed: fts5: syntax error near "?"
[SQLite FTS5] query "1040848" failed: no such column: up
[SQLite FTS5] query "1041050" failed: fts5: syntax error near "?"
[SQLite FTS5] query "254652" failed: fts5: syntax error near "?"
[SQLite FTS5] query "1041473" failed: fts5: syntax error near "?"
[SQLite FTS5] query "1041520" failed: fts5: syntax error near "?"
[SQLite FTS5] query "779475" failed: fts5: syntax error near "?"
[SQLite FTS5] query "1042364" failed: fts5: syntax error near ","
[SQLite FTS5] query "1042752" failed: fts5: syntax error near ","
[SQLite FTS5] query "1042800" failed: fts5: syntax error near "?"
[SQLite FTS5] query "1043064" failed: fts5: syntax error near "?"
[SQLite FTS5] query "780993" failed: fts5: syntax error near "?"
[SQLite FTS5] query "256783" failed: fts5: syntax error near "?"
[SQLite FTS5] query "1043587" failed: fts5: syntax error near "?"
[SQLite FTS5] query "257335" failed: fts5: syntax error near "?"
[SQLite FTS5] query "1043995" failed: fts5: syntax error near "?"
[SQLite FTS5] query "257885" failed: fts5: syntax error near "?"
[SQLite FTS5] query "520184" failed: no such column: dimensional
[SQLite FTS5] query "782549" failed: fts5: syntax error near "'"
[SQLite FTS5] query "520627" failed: no such column: respa
[SQLite FTS5] query "1091706" failed: fts5: syntax error near "."
[SQLite FTS5] query "611152" failed: fts5: syntax error near "?"
[SQLite FTS5] query "783687" failed: fts5: syntax error near "?"
[SQLite FTS5] query "521851" failed: fts5: syntax error near ","
[SQLite FTS5] query "1046387" failed: fts5: syntax error near "?"
[SQLite FTS5] query "1046750" failed: fts5: syntax error near "'"
[SQLite FTS5] query "1092029" failed: fts5: syntax error near "."
[SQLite FTS5] query "1047548" failed: fts5: syntax error near "?"
[SQLite FTS5] query "1047592" failed: fts5: syntax error near "'"
[SQLite FTS5] query "1047833" failed: fts5: syntax error near "/"
[SQLite FTS5] query "1047843" failed: fts5: syntax error near "?"
[SQLite FTS5] query "1048363" failed: fts5: syntax error near "?"
[SQLite FTS5] query "1048377" failed: fts5: syntax error near "/"
[SQLite FTS5] Recall@10=0.000  p50=820.0µs p95=3.0ms p99=8.0ms

────────────────────────────────────────────────────────────────────────────────
ZENITH Embeddable Benchmark — MS MARCO dev (100k passages, 6,980 queries)
Hardware: 12 CPU, windows/amd64, go1.26.1
────────────────────────────────────────────────────────────────────────────────

                      SQLite FTS5       
                      ──────────────────
Recall@10             0.000             
Query p50             820.0µs           
Query p95             3.0ms             
Query p99             8.0ms             
Index all docs        5.7s              
Memory (heap)         18446744073710 MB 

────────────────────────────────────────────────────────────────────────────────
Notes:
  ZENITH hybrid: BM25 + vector semantic + fuzzy + phonetic (ONNX or deterministic fallback).
  ZENITH BM25: pure lexical — directly comparable to SQLite FTS5 and Bleve.
  SQLite FTS5 via mattn/go-sqlite3 (CGo — same bar as ZENITH hybrid ONNX).
  Bleve: BM25 + Levenshtein fuzzy, pure Go, no CGo required.
  All engines run in-process. No HTTP, no Docker.
  Recall@10: queries whose relevant passage exists in the indexed subset only.
  Memory: heap allocation delta during indexing (runtime.ReadMemStats).
  ZENITH hybrid skipped: excluded via --skip flag
  ZENITH BM25 skipped: excluded via --skip flag
  Bleve skipped: excluded via --skip flag
────────────────────────────────────────────────────────────────────────────────

Results saved to results\2026-06-07-100k.md
